*test*message*nexttick_throw.js:*
        undefined_reference_error_maker;
        ^
ReferenceError: undefined_reference_error_maker is not defined
    at *test*message*nexttick_throw.js:*:*
    