*test*message*prepareStackTrace-string.js:*
throw new Error();
^
custom Error String!
