*test*message*throw_non_error.js:*
throw ({ foo: 'bar' });
^
[object Object]
