*test*message*throw_undefined.js:*
throw undefined;
^
undefined
