before
*test*message*throw_in_line_with_tabs.js:*
	throw ({ foo: 'bar' });
	^
[object Object]
