*test*message*timeout_throw.js:*
  undefined_reference_error_maker;
  ^
ReferenceError: undefined_reference_error_maker is not defined
    at Timer.<anonymous> (*test*message*timeout_throw.js:*:*)
